core_cm0plus.h:741:22:__NVIC_EnableIRQ	16	static
core_cm0plus.h:777:22:__NVIC_DisableIRQ	16	static,ignoring_inline_asm
core_cm0plus.h:848:22:__NVIC_SetPriority	24	static
main.c:57:6:init_timer1	8	static
main.c:79:6:delay	16	static
main.c:86:6:init_keypad	8	static
main.c:115:6:init_4SSD	8	static
main.c:154:9:keypad	8	static
main.c:249:6:switcher	16	static
main.c:328:6:capture_key	16	static
main.c:407:6:segment1	16	static
main.c:422:6:segment2	16	static
main.c:435:6:segment3	16	static
main.c:448:6:segment4	16	static
main.c:461:6:printer	24	static
main.c:475:6:idle_state	24	static
main.c:490:7:isInteger	32	static
main.c:494:6:calculator_functions	16	static
main.c:735:6:calculator	16	static
main.c:1061:6:TIM1_BRK_UP_TRG_COM_IRQHandler	8	static
main.c:1075:5:main	8	static
